<?xml version="1.0" encoding="UTF-8" ?>
<testsuites name="vitest tests" tests="8" failures="0" errors="0" time="1.036">
    <testsuite name="mastra-generate-simplified.test.ts" timestamp="2025-04-26T09:18:56.417Z" hostname="ommp2021.local" tests="4" failures="0" errors="0" skipped="1" time="0.035">
        <testcase classname="mastra-generate-simplified.test.ts" name="Mastra 生成パフォーマンステスト (シンプル版) &gt; テスト完了後にメトリクスを出力" time="0">
            <skipped/>
        </testcase>
        <testcase classname="mastra-generate-simplified.test.ts" name="Mastra 生成パフォーマンステスト (シンプル版) &gt; 短いプロンプトのパフォーマンス測定" time="0.011">
        </testcase>
        <testcase classname="mastra-generate-simplified.test.ts" name="Mastra 生成パフォーマンステスト (シンプル版) &gt; 長いプロンプトのパフォーマンス測定" time="0.012">
        </testcase>
        <testcase classname="mastra-generate-simplified.test.ts" name="Mastra 生成パフォーマンステスト (シンプル版) &gt; 連続した生成リクエストのパフォーマンス" time="0.011">
        </testcase>
    </testsuite>
    <testsuite name="tests/performance/mastra-generate-simplified.test.ts" timestamp="2025-04-26T09:18:56.418Z" hostname="ommp2021.local" tests="4" failures="0" errors="0" skipped="1" time="0.035">
        <testcase classname="tests/performance/mastra-generate-simplified.test.ts" name="Mastra 生成パフォーマンステスト (シンプル版) &gt; テスト完了後にメトリクスを出力" time="0">
            <skipped/>
        </testcase>
        <testcase classname="tests/performance/mastra-generate-simplified.test.ts" name="Mastra 生成パフォーマンステスト (シンプル版) &gt; 短いプロンプトのパフォーマンス測定" time="0.012">
        </testcase>
        <testcase classname="tests/performance/mastra-generate-simplified.test.ts" name="Mastra 生成パフォーマンステスト (シンプル版) &gt; 長いプロンプトのパフォーマンス測定" time="0.011">
        </testcase>
        <testcase classname="tests/performance/mastra-generate-simplified.test.ts" name="Mastra 生成パフォーマンステスト (シンプル版) &gt; 連続した生成リクエストのパフォーマンス" time="0.01">
        </testcase>
    </testsuite>
</testsuites>
